app/stock/item/[name]/edit/page.tsx(159,5): error TS2322: Type 'Resolver<{ item_code: string; item_name: string; stock_uom: string; item_group: string; description?: string | undefined; is_stock_item?: boolean | undefined; disabled?: boolean | undefined; is_fixed_asset?: boolean | undefined; brand?: string | undefined; }, any, { ...; }>' is not assignable to type 'Resolver<{ item_code: string; item_name: string; stock_uom: string; is_stock_item: boolean; disabled: boolean; item_group: string; is_fixed_asset: boolean; description?: string | undefined; brand?: string | undefined; }, any, { ...; }>'.
  Types of parameters 'options' and 'options' are incompatible.
    Type 'ResolverOptions<{ item_code: string; item_name: string; stock_uom: string; is_stock_item: boolean; disabled: boolean; item_group: string; is_fixed_asset: boolean; description?: string | undefined; brand?: string | undefined; }>' is not assignable to type 'ResolverOptions<{ item_code: string; item_name: string; stock_uom: string; item_group: string; description?: string | undefined; is_stock_item?: boolean | undefined; disabled?: boolean | undefined; is_fixed_asset?: boolean | undefined; brand?: string | undefined; }>'.
      Type 'boolean | undefined' is not assignable to type 'boolean'.
        Type 'undefined' is not assignable to type 'boolean'.
app/stock/item/[name]/edit/page.tsx(235,38): error TS2345: Argument of type '(data: ItemEditFormData) => Promise<void>' is not assignable to parameter of type 'SubmitHandler<TFieldValues>'.
  Types of parameters 'data' and 'data' are incompatible.
    Type 'TFieldValues' is not assignable to type '{ item_code: string; item_name: string; stock_uom: string; is_stock_item: boolean; disabled: boolean; item_group: string; is_fixed_asset: boolean; description?: string | undefined; brand?: string | undefined; }'.
      Type 'FieldValues' is missing the following properties from type '{ item_code: string; item_name: string; stock_uom: string; is_stock_item: boolean; disabled: boolean; item_group: string; is_fixed_asset: boolean; description?: string | undefined; brand?: string | undefined; }': item_code, item_name, stock_uom, is_stock_item, and 3 more.
app/stock/item/[name]/edit/page.tsx(265,43): error TS2345: Argument of type '(data: ItemEditFormData) => Promise<void>' is not assignable to parameter of type 'SubmitHandler<TFieldValues>'.
  Types of parameters 'data' and 'data' are incompatible.
    Type 'TFieldValues' is not assignable to type '{ item_code: string; item_name: string; stock_uom: string; is_stock_item: boolean; disabled: boolean; item_group: string; is_fixed_asset: boolean; description?: string | undefined; brand?: string | undefined; }'.
      Type 'FieldValues' is missing the following properties from type '{ item_code: string; item_name: string; stock_uom: string; is_stock_item: boolean; disabled: boolean; item_group: string; is_fixed_asset: boolean; description?: string | undefined; brand?: string | undefined; }': item_code, item_name, stock_uom, is_stock_item, and 3 more.
app/stock/item/[name]/edit/page.tsx(281,21): error TS2322: Type 'Control<{ item_code: string; item_name: string; stock_uom: string; is_stock_item: boolean; disabled: boolean; item_group: string; is_fixed_asset: boolean; description?: string | undefined; brand?: string | undefined; }, any, TFieldValues>' is not assignable to type 'Control<{ item_code: string; item_name: string; stock_uom: string; is_stock_item: boolean; disabled: boolean; item_group: string; is_fixed_asset: boolean; description?: string | undefined; brand?: string | undefined; }, any, { ...; }>'.
  The types of '_options.resolver' are incompatible between these types.
    Type 'Resolver<{ item_code: string; item_name: string; stock_uom: string; is_stock_item: boolean; disabled: boolean; item_group: string; is_fixed_asset: boolean; description?: string | undefined; brand?: string | undefined; }, any, TFieldValues> | undefined' is not assignable to type 'Resolver<{ item_code: string; item_name: string; stock_uom: string; is_stock_item: boolean; disabled: boolean; item_group: string; is_fixed_asset: boolean; description?: string | undefined; brand?: string | undefined; }, any, { ...; }> | undefined'.
      Type 'Resolver<{ item_code: string; item_name: string; stock_uom: string; is_stock_item: boolean; disabled: boolean; item_group: string; is_fixed_asset: boolean; description?: string | undefined; brand?: string | undefined; }, any, TFieldValues>' is not assignable to type 'Resolver<{ item_code: string; item_name: string; stock_uom: string; is_stock_item: boolean; disabled: boolean; item_group: string; is_fixed_asset: boolean; description?: string | undefined; brand?: string | undefined; }, any, { ...; }>'.
        Type 'ResolverResult<{ item_code: string; item_name: string; stock_uom: string; is_stock_item: boolean; disabled: boolean; item_group: string; is_fixed_asset: boolean; description?: string | undefined; brand?: string | undefined; }, TFieldValues> | Promise<...>' is not assignable to type 'ResolverResult<{ item_code: string; item_name: string; stock_uom: string; is_stock_item: boolean; disabled: boolean; item_group: string; is_fixed_asset: boolean; description?: string | undefined; brand?: string | undefined; }, { ...; }> | Promise<...>'.
          Type 'ResolverSuccess<TFieldValues>' is not assignable to type 'ResolverResult<{ item_code: string; item_name: string; stock_uom: string; is_stock_item: boolean; disabled: boolean; item_group: string; is_fixed_asset: boolean; description?: string | undefined; brand?: string | undefined; }, { ...; }> | Promise<...>'.
            Type 'ResolverSuccess<TFieldValues>' is not assignable to type 'ResolverSuccess<{ item_code: string; item_name: string; stock_uom: string; is_stock_item: boolean; disabled: boolean; item_group: string; is_fixed_asset: boolean; description?: string | undefined; brand?: string | undefined; }>'.
              Type 'TFieldValues' is not assignable to type '{ item_code: string; item_name: string; stock_uom: string; is_stock_item: boolean; disabled: boolean; item_group: string; is_fixed_asset: boolean; description?: string | undefined; brand?: string | undefined; }'.
                Type 'FieldValues' is missing the following properties from type '{ item_code: string; item_name: string; stock_uom: string; is_stock_item: boolean; disabled: boolean; item_group: string; is_fixed_asset: boolean; description?: string | undefined; brand?: string | undefined; }': item_code, item_name, stock_uom, is_stock_item, and 3 more.
app/stock/item/[name]/edit/page.tsx(303,21): error TS2322: Type 'Control<{ item_code: string; item_name: string; stock_uom: string; is_stock_item: boolean; disabled: boolean; item_group: string; is_fixed_asset: boolean; description?: string | undefined; brand?: string | undefined; }, any, TFieldValues>' is not assignable to type 'Control<{ item_code: string; item_name: string; stock_uom: string; is_stock_item: boolean; disabled: boolean; item_group: string; is_fixed_asset: boolean; description?: string | undefined; brand?: string | undefined; }, any, { ...; }>'.
  The types of '_options.resolver' are incompatible between these types.
    Type 'Resolver<{ item_code: string; item_name: string; stock_uom: string; is_stock_item: boolean; disabled: boolean; item_group: string; is_fixed_asset: boolean; description?: string | undefined; brand?: string | undefined; }, any, TFieldValues> | undefined' is not assignable to type 'Resolver<{ item_code: string; item_name: string; stock_uom: string; is_stock_item: boolean; disabled: boolean; item_group: string; is_fixed_asset: boolean; description?: string | undefined; brand?: string | undefined; }, any, { ...; }> | undefined'.
      Type 'Resolver<{ item_code: string; item_name: string; stock_uom: string; is_stock_item: boolean; disabled: boolean; item_group: string; is_fixed_asset: boolean; description?: string | undefined; brand?: string | undefined; }, any, TFieldValues>' is not assignable to type 'Resolver<{ item_code: string; item_name: string; stock_uom: string; is_stock_item: boolean; disabled: boolean; item_group: string; is_fixed_asset: boolean; description?: string | undefined; brand?: string | undefined; }, any, { ...; }>'.
        Type 'ResolverResult<{ item_code: string; item_name: string; stock_uom: string; is_stock_item: boolean; disabled: boolean; item_group: string; is_fixed_asset: boolean; description?: string | undefined; brand?: string | undefined; }, TFieldValues> | Promise<...>' is not assignable to type 'ResolverResult<{ item_code: string; item_name: string; stock_uom: string; is_stock_item: boolean; disabled: boolean; item_group: string; is_fixed_asset: boolean; description?: string | undefined; brand?: string | undefined; }, { ...; }> | Promise<...>'.
          Type 'ResolverSuccess<TFieldValues>' is not assignable to type 'ResolverResult<{ item_code: string; item_name: string; stock_uom: string; is_stock_item: boolean; disabled: boolean; item_group: string; is_fixed_asset: boolean; description?: string | undefined; brand?: string | undefined; }, { ...; }> | Promise<...>'.
            Type 'ResolverSuccess<TFieldValues>' is not assignable to type 'ResolverSuccess<{ item_code: string; item_name: string; stock_uom: string; is_stock_item: boolean; disabled: boolean; item_group: string; is_fixed_asset: boolean; description?: string | undefined; brand?: string | undefined; }>'.
              Type 'TFieldValues' is not assignable to type '{ item_code: string; item_name: string; stock_uom: string; is_stock_item: boolean; disabled: boolean; item_group: string; is_fixed_asset: boolean; description?: string | undefined; brand?: string | undefined; }'.
                Type 'FieldValues' is missing the following properties from type '{ item_code: string; item_name: string; stock_uom: string; is_stock_item: boolean; disabled: boolean; item_group: string; is_fixed_asset: boolean; description?: string | undefined; brand?: string | undefined; }': item_code, item_name, stock_uom, is_stock_item, and 3 more.
app/stock/item/[name]/edit/page.tsx(324,21): error TS2322: Type 'Control<{ item_code: string; item_name: string; stock_uom: string; is_stock_item: boolean; disabled: boolean; item_group: string; is_fixed_asset: boolean; description?: string | undefined; brand?: string | undefined; }, any, TFieldValues>' is not assignable to type 'Control<{ item_code: string; item_name: string; stock_uom: string; is_stock_item: boolean; disabled: boolean; item_group: string; is_fixed_asset: boolean; description?: string | undefined; brand?: string | undefined; }, any, { ...; }>'.
  The types of '_options.resolver' are incompatible between these types.
    Type 'Resolver<{ item_code: string; item_name: string; stock_uom: string; is_stock_item: boolean; disabled: boolean; item_group: string; is_fixed_asset: boolean; description?: string | undefined; brand?: string | undefined; }, any, TFieldValues> | undefined' is not assignable to type 'Resolver<{ item_code: string; item_name: string; stock_uom: string; is_stock_item: boolean; disabled: boolean; item_group: string; is_fixed_asset: boolean; description?: string | undefined; brand?: string | undefined; }, any, { ...; }> | undefined'.
      Type 'Resolver<{ item_code: string; item_name: string; stock_uom: string; is_stock_item: boolean; disabled: boolean; item_group: string; is_fixed_asset: boolean; description?: string | undefined; brand?: string | undefined; }, any, TFieldValues>' is not assignable to type 'Resolver<{ item_code: string; item_name: string; stock_uom: string; is_stock_item: boolean; disabled: boolean; item_group: string; is_fixed_asset: boolean; description?: string | undefined; brand?: string | undefined; }, any, { ...; }>'.
        Type 'ResolverResult<{ item_code: string; item_name: string; stock_uom: string; is_stock_item: boolean; disabled: boolean; item_group: string; is_fixed_asset: boolean; description?: string | undefined; brand?: string | undefined; }, TFieldValues> | Promise<...>' is not assignable to type 'ResolverResult<{ item_code: string; item_name: string; stock_uom: string; is_stock_item: boolean; disabled: boolean; item_group: string; is_fixed_asset: boolean; description?: string | undefined; brand?: string | undefined; }, { ...; }> | Promise<...>'.
          Type 'ResolverSuccess<TFieldValues>' is not assignable to type 'ResolverResult<{ item_code: string; item_name: string; stock_uom: string; is_stock_item: boolean; disabled: boolean; item_group: string; is_fixed_asset: boolean; description?: string | undefined; brand?: string | undefined; }, { ...; }> | Promise<...>'.
            Type 'ResolverSuccess<TFieldValues>' is not assignable to type 'ResolverSuccess<{ item_code: string; item_name: string; stock_uom: string; is_stock_item: boolean; disabled: boolean; item_group: string; is_fixed_asset: boolean; description?: string | undefined; brand?: string | undefined; }>'.
              Type 'TFieldValues' is not assignable to type '{ item_code: string; item_name: string; stock_uom: string; is_stock_item: boolean; disabled: boolean; item_group: string; is_fixed_asset: boolean; description?: string | undefined; brand?: string | undefined; }'.
                Type 'FieldValues' is missing the following properties from type '{ item_code: string; item_name: string; stock_uom: string; is_stock_item: boolean; disabled: boolean; item_group: string; is_fixed_asset: boolean; description?: string | undefined; brand?: string | undefined; }': item_code, item_name, stock_uom, is_stock_item, and 3 more.
app/stock/item/[name]/edit/page.tsx(341,21): error TS2322: Type 'Control<{ item_code: string; item_name: string; stock_uom: string; is_stock_item: boolean; disabled: boolean; item_group: string; is_fixed_asset: boolean; description?: string | undefined; brand?: string | undefined; }, any, TFieldValues>' is not assignable to type 'Control<{ item_code: string; item_name: string; stock_uom: string; is_stock_item: boolean; disabled: boolean; item_group: string; is_fixed_asset: boolean; description?: string | undefined; brand?: string | undefined; }, any, { ...; }>'.
  The types of '_options.resolver' are incompatible between these types.
    Type 'Resolver<{ item_code: string; item_name: string; stock_uom: string; is_stock_item: boolean; disabled: boolean; item_group: string; is_fixed_asset: boolean; description?: string | undefined; brand?: string | undefined; }, any, TFieldValues> | undefined' is not assignable to type 'Resolver<{ item_code: string; item_name: string; stock_uom: string; is_stock_item: boolean; disabled: boolean; item_group: string; is_fixed_asset: boolean; description?: string | undefined; brand?: string | undefined; }, any, { ...; }> | undefined'.
      Type 'Resolver<{ item_code: string; item_name: string; stock_uom: string; is_stock_item: boolean; disabled: boolean; item_group: string; is_fixed_asset: boolean; description?: string | undefined; brand?: string | undefined; }, any, TFieldValues>' is not assignable to type 'Resolver<{ item_code: string; item_name: string; stock_uom: string; is_stock_item: boolean; disabled: boolean; item_group: string; is_fixed_asset: boolean; description?: string | undefined; brand?: string | undefined; }, any, { ...; }>'.
        Type 'ResolverResult<{ item_code: string; item_name: string; stock_uom: string; is_stock_item: boolean; disabled: boolean; item_group: string; is_fixed_asset: boolean; description?: string | undefined; brand?: string | undefined; }, TFieldValues> | Promise<...>' is not assignable to type 'ResolverResult<{ item_code: string; item_name: string; stock_uom: string; is_stock_item: boolean; disabled: boolean; item_group: string; is_fixed_asset: boolean; description?: string | undefined; brand?: string | undefined; }, { ...; }> | Promise<...>'.
          Type 'ResolverSuccess<TFieldValues>' is not assignable to type 'ResolverResult<{ item_code: string; item_name: string; stock_uom: string; is_stock_item: boolean; disabled: boolean; item_group: string; is_fixed_asset: boolean; description?: string | undefined; brand?: string | undefined; }, { ...; }> | Promise<...>'.
            Type 'ResolverSuccess<TFieldValues>' is not assignable to type 'ResolverSuccess<{ item_code: string; item_name: string; stock_uom: string; is_stock_item: boolean; disabled: boolean; item_group: string; is_fixed_asset: boolean; description?: string | undefined; brand?: string | undefined; }>'.
              Type 'TFieldValues' is not assignable to type '{ item_code: string; item_name: string; stock_uom: string; is_stock_item: boolean; disabled: boolean; item_group: string; is_fixed_asset: boolean; description?: string | undefined; brand?: string | undefined; }'.
                Type 'FieldValues' is missing the following properties from type '{ item_code: string; item_name: string; stock_uom: string; is_stock_item: boolean; disabled: boolean; item_group: string; is_fixed_asset: boolean; description?: string | undefined; brand?: string | undefined; }': item_code, item_name, stock_uom, is_stock_item, and 3 more.
app/stock/item/[name]/edit/page.tsx(366,21): error TS2322: Type 'Control<{ item_code: string; item_name: string; stock_uom: string; is_stock_item: boolean; disabled: boolean; item_group: string; is_fixed_asset: boolean; description?: string | undefined; brand?: string | undefined; }, any, TFieldValues>' is not assignable to type 'Control<{ item_code: string; item_name: string; stock_uom: string; is_stock_item: boolean; disabled: boolean; item_group: string; is_fixed_asset: boolean; description?: string | undefined; brand?: string | undefined; }, any, { ...; }>'.
  The types of '_options.resolver' are incompatible between these types.
    Type 'Resolver<{ item_code: string; item_name: string; stock_uom: string; is_stock_item: boolean; disabled: boolean; item_group: string; is_fixed_asset: boolean; description?: string | undefined; brand?: string | undefined; }, any, TFieldValues> | undefined' is not assignable to type 'Resolver<{ item_code: string; item_name: string; stock_uom: string; is_stock_item: boolean; disabled: boolean; item_group: string; is_fixed_asset: boolean; description?: string | undefined; brand?: string | undefined; }, any, { ...; }> | undefined'.
      Type 'Resolver<{ item_code: string; item_name: string; stock_uom: string; is_stock_item: boolean; disabled: boolean; item_group: string; is_fixed_asset: boolean; description?: string | undefined; brand?: string | undefined; }, any, TFieldValues>' is not assignable to type 'Resolver<{ item_code: string; item_name: string; stock_uom: string; is_stock_item: boolean; disabled: boolean; item_group: string; is_fixed_asset: boolean; description?: string | undefined; brand?: string | undefined; }, any, { ...; }>'.
        Type 'ResolverResult<{ item_code: string; item_name: string; stock_uom: string; is_stock_item: boolean; disabled: boolean; item_group: string; is_fixed_asset: boolean; description?: string | undefined; brand?: string | undefined; }, TFieldValues> | Promise<...>' is not assignable to type 'ResolverResult<{ item_code: string; item_name: string; stock_uom: string; is_stock_item: boolean; disabled: boolean; item_group: string; is_fixed_asset: boolean; description?: string | undefined; brand?: string | undefined; }, { ...; }> | Promise<...>'.
          Type 'ResolverSuccess<TFieldValues>' is not assignable to type 'ResolverResult<{ item_code: string; item_name: string; stock_uom: string; is_stock_item: boolean; disabled: boolean; item_group: string; is_fixed_asset: boolean; description?: string | undefined; brand?: string | undefined; }, { ...; }> | Promise<...>'.
            Type 'ResolverSuccess<TFieldValues>' is not assignable to type 'ResolverSuccess<{ item_code: string; item_name: string; stock_uom: string; is_stock_item: boolean; disabled: boolean; item_group: string; is_fixed_asset: boolean; description?: string | undefined; brand?: string | undefined; }>'.
              Type 'TFieldValues' is not assignable to type '{ item_code: string; item_name: string; stock_uom: string; is_stock_item: boolean; disabled: boolean; item_group: string; is_fixed_asset: boolean; description?: string | undefined; brand?: string | undefined; }'.
                Type 'FieldValues' is missing the following properties from type '{ item_code: string; item_name: string; stock_uom: string; is_stock_item: boolean; disabled: boolean; item_group: string; is_fixed_asset: boolean; description?: string | undefined; brand?: string | undefined; }': item_code, item_name, stock_uom, is_stock_item, and 3 more.
app/stock/item/[name]/edit/page.tsx(401,19): error TS2322: Type 'Control<{ item_code: string; item_name: string; stock_uom: string; is_stock_item: boolean; disabled: boolean; item_group: string; is_fixed_asset: boolean; description?: string | undefined; brand?: string | undefined; }, any, TFieldValues>' is not assignable to type 'Control<{ item_code: string; item_name: string; stock_uom: string; is_stock_item: boolean; disabled: boolean; item_group: string; is_fixed_asset: boolean; description?: string | undefined; brand?: string | undefined; }, any, { ...; }>'.
  The types of '_options.resolver' are incompatible between these types.
    Type 'Resolver<{ item_code: string; item_name: string; stock_uom: string; is_stock_item: boolean; disabled: boolean; item_group: string; is_fixed_asset: boolean; description?: string | undefined; brand?: string | undefined; }, any, TFieldValues> | undefined' is not assignable to type 'Resolver<{ item_code: string; item_name: string; stock_uom: string; is_stock_item: boolean; disabled: boolean; item_group: string; is_fixed_asset: boolean; description?: string | undefined; brand?: string | undefined; }, any, { ...; }> | undefined'.
      Type 'Resolver<{ item_code: string; item_name: string; stock_uom: string; is_stock_item: boolean; disabled: boolean; item_group: string; is_fixed_asset: boolean; description?: string | undefined; brand?: string | undefined; }, any, TFieldValues>' is not assignable to type 'Resolver<{ item_code: string; item_name: string; stock_uom: string; is_stock_item: boolean; disabled: boolean; item_group: string; is_fixed_asset: boolean; description?: string | undefined; brand?: string | undefined; }, any, { ...; }>'.
        Type 'ResolverResult<{ item_code: string; item_name: string; stock_uom: string; is_stock_item: boolean; disabled: boolean; item_group: string; is_fixed_asset: boolean; description?: string | undefined; brand?: string | undefined; }, TFieldValues> | Promise<...>' is not assignable to type 'ResolverResult<{ item_code: string; item_name: string; stock_uom: string; is_stock_item: boolean; disabled: boolean; item_group: string; is_fixed_asset: boolean; description?: string | undefined; brand?: string | undefined; }, { ...; }> | Promise<...>'.
          Type 'ResolverSuccess<TFieldValues>' is not assignable to type 'ResolverResult<{ item_code: string; item_name: string; stock_uom: string; is_stock_item: boolean; disabled: boolean; item_group: string; is_fixed_asset: boolean; description?: string | undefined; brand?: string | undefined; }, { ...; }> | Promise<...>'.
            Type 'ResolverSuccess<TFieldValues>' is not assignable to type 'ResolverSuccess<{ item_code: string; item_name: string; stock_uom: string; is_stock_item: boolean; disabled: boolean; item_group: string; is_fixed_asset: boolean; description?: string | undefined; brand?: string | undefined; }>'.
              Type 'TFieldValues' is not assignable to type '{ item_code: string; item_name: string; stock_uom: string; is_stock_item: boolean; disabled: boolean; item_group: string; is_fixed_asset: boolean; description?: string | undefined; brand?: string | undefined; }'.
                Type 'FieldValues' is missing the following properties from type '{ item_code: string; item_name: string; stock_uom: string; is_stock_item: boolean; disabled: boolean; item_group: string; is_fixed_asset: boolean; description?: string | undefined; brand?: string | undefined; }': item_code, item_name, stock_uom, is_stock_item, and 3 more.
app/stock/item/[name]/edit/page.tsx(428,21): error TS2322: Type 'Control<{ item_code: string; item_name: string; stock_uom: string; is_stock_item: boolean; disabled: boolean; item_group: string; is_fixed_asset: boolean; description?: string | undefined; brand?: string | undefined; }, any, TFieldValues>' is not assignable to type 'Control<{ item_code: string; item_name: string; stock_uom: string; is_stock_item: boolean; disabled: boolean; item_group: string; is_fixed_asset: boolean; description?: string | undefined; brand?: string | undefined; }, any, { ...; }>'.
  The types of '_options.resolver' are incompatible between these types.
    Type 'Resolver<{ item_code: string; item_name: string; stock_uom: string; is_stock_item: boolean; disabled: boolean; item_group: string; is_fixed_asset: boolean; description?: string | undefined; brand?: string | undefined; }, any, TFieldValues> | undefined' is not assignable to type 'Resolver<{ item_code: string; item_name: string; stock_uom: string; is_stock_item: boolean; disabled: boolean; item_group: string; is_fixed_asset: boolean; description?: string | undefined; brand?: string | undefined; }, any, { ...; }> | undefined'.
      Type 'Resolver<{ item_code: string; item_name: string; stock_uom: string; is_stock_item: boolean; disabled: boolean; item_group: string; is_fixed_asset: boolean; description?: string | undefined; brand?: string | undefined; }, any, TFieldValues>' is not assignable to type 'Resolver<{ item_code: string; item_name: string; stock_uom: string; is_stock_item: boolean; disabled: boolean; item_group: string; is_fixed_asset: boolean; description?: string | undefined; brand?: string | undefined; }, any, { ...; }>'.
        Type 'ResolverResult<{ item_code: string; item_name: string; stock_uom: string; is_stock_item: boolean; disabled: boolean; item_group: string; is_fixed_asset: boolean; description?: string | undefined; brand?: string | undefined; }, TFieldValues> | Promise<...>' is not assignable to type 'ResolverResult<{ item_code: string; item_name: string; stock_uom: string; is_stock_item: boolean; disabled: boolean; item_group: string; is_fixed_asset: boolean; description?: string | undefined; brand?: string | undefined; }, { ...; }> | Promise<...>'.
          Type 'ResolverSuccess<TFieldValues>' is not assignable to type 'ResolverResult<{ item_code: string; item_name: string; stock_uom: string; is_stock_item: boolean; disabled: boolean; item_group: string; is_fixed_asset: boolean; description?: string | undefined; brand?: string | undefined; }, { ...; }> | Promise<...>'.
            Type 'ResolverSuccess<TFieldValues>' is not assignable to type 'ResolverSuccess<{ item_code: string; item_name: string; stock_uom: string; is_stock_item: boolean; disabled: boolean; item_group: string; is_fixed_asset: boolean; description?: string | undefined; brand?: string | undefined; }>'.
              Type 'TFieldValues' is not assignable to type '{ item_code: string; item_name: string; stock_uom: string; is_stock_item: boolean; disabled: boolean; item_group: string; is_fixed_asset: boolean; description?: string | undefined; brand?: string | undefined; }'.
                Type 'FieldValues' is missing the following properties from type '{ item_code: string; item_name: string; stock_uom: string; is_stock_item: boolean; disabled: boolean; item_group: string; is_fixed_asset: boolean; description?: string | undefined; brand?: string | undefined; }': item_code, item_name, stock_uom, is_stock_item, and 3 more.
app/stock/item/[name]/edit/page.tsx(451,21): error TS2322: Type 'Control<{ item_code: string; item_name: string; stock_uom: string; is_stock_item: boolean; disabled: boolean; item_group: string; is_fixed_asset: boolean; description?: string | undefined; brand?: string | undefined; }, any, TFieldValues>' is not assignable to type 'Control<{ item_code: string; item_name: string; stock_uom: string; is_stock_item: boolean; disabled: boolean; item_group: string; is_fixed_asset: boolean; description?: string | undefined; brand?: string | undefined; }, any, { ...; }>'.
  The types of '_options.resolver' are incompatible between these types.
    Type 'Resolver<{ item_code: string; item_name: string; stock_uom: string; is_stock_item: boolean; disabled: boolean; item_group: string; is_fixed_asset: boolean; description?: string | undefined; brand?: string | undefined; }, any, TFieldValues> | undefined' is not assignable to type 'Resolver<{ item_code: string; item_name: string; stock_uom: string; is_stock_item: boolean; disabled: boolean; item_group: string; is_fixed_asset: boolean; description?: string | undefined; brand?: string | undefined; }, any, { ...; }> | undefined'.
      Type 'Resolver<{ item_code: string; item_name: string; stock_uom: string; is_stock_item: boolean; disabled: boolean; item_group: string; is_fixed_asset: boolean; description?: string | undefined; brand?: string | undefined; }, any, TFieldValues>' is not assignable to type 'Resolver<{ item_code: string; item_name: string; stock_uom: string; is_stock_item: boolean; disabled: boolean; item_group: string; is_fixed_asset: boolean; description?: string | undefined; brand?: string | undefined; }, any, { ...; }>'.
        Type 'ResolverResult<{ item_code: string; item_name: string; stock_uom: string; is_stock_item: boolean; disabled: boolean; item_group: string; is_fixed_asset: boolean; description?: string | undefined; brand?: string | undefined; }, TFieldValues> | Promise<...>' is not assignable to type 'ResolverResult<{ item_code: string; item_name: string; stock_uom: string; is_stock_item: boolean; disabled: boolean; item_group: string; is_fixed_asset: boolean; description?: string | undefined; brand?: string | undefined; }, { ...; }> | Promise<...>'.
          Type 'ResolverSuccess<TFieldValues>' is not assignable to type 'ResolverResult<{ item_code: string; item_name: string; stock_uom: string; is_stock_item: boolean; disabled: boolean; item_group: string; is_fixed_asset: boolean; description?: string | undefined; brand?: string | undefined; }, { ...; }> | Promise<...>'.
            Type 'ResolverSuccess<TFieldValues>' is not assignable to type 'ResolverSuccess<{ item_code: string; item_name: string; stock_uom: string; is_stock_item: boolean; disabled: boolean; item_group: string; is_fixed_asset: boolean; description?: string | undefined; brand?: string | undefined; }>'.
              Type 'TFieldValues' is not assignable to type '{ item_code: string; item_name: string; stock_uom: string; is_stock_item: boolean; disabled: boolean; item_group: string; is_fixed_asset: boolean; description?: string | undefined; brand?: string | undefined; }'.
                Type 'FieldValues' is missing the following properties from type '{ item_code: string; item_name: string; stock_uom: string; is_stock_item: boolean; disabled: boolean; item_group: string; is_fixed_asset: boolean; description?: string | undefined; brand?: string | undefined; }': item_code, item_name, stock_uom, is_stock_item, and 3 more.
app/stock/item/[name]/edit/page.tsx(474,21): error TS2322: Type 'Control<{ item_code: string; item_name: string; stock_uom: string; is_stock_item: boolean; disabled: boolean; item_group: string; is_fixed_asset: boolean; description?: string | undefined; brand?: string | undefined; }, any, TFieldValues>' is not assignable to type 'Control<{ item_code: string; item_name: string; stock_uom: string; is_stock_item: boolean; disabled: boolean; item_group: string; is_fixed_asset: boolean; description?: string | undefined; brand?: string | undefined; }, any, { ...; }>'.
  The types of '_options.resolver' are incompatible between these types.
    Type 'Resolver<{ item_code: string; item_name: string; stock_uom: string; is_stock_item: boolean; disabled: boolean; item_group: string; is_fixed_asset: boolean; description?: string | undefined; brand?: string | undefined; }, any, TFieldValues> | undefined' is not assignable to type 'Resolver<{ item_code: string; item_name: string; stock_uom: string; is_stock_item: boolean; disabled: boolean; item_group: string; is_fixed_asset: boolean; description?: string | undefined; brand?: string | undefined; }, any, { ...; }> | undefined'.
      Type 'Resolver<{ item_code: string; item_name: string; stock_uom: string; is_stock_item: boolean; disabled: boolean; item_group: string; is_fixed_asset: boolean; description?: string | undefined; brand?: string | undefined; }, any, TFieldValues>' is not assignable to type 'Resolver<{ item_code: string; item_name: string; stock_uom: string; is_stock_item: boolean; disabled: boolean; item_group: string; is_fixed_asset: boolean; description?: string | undefined; brand?: string | undefined; }, any, { ...; }>'.
        Type 'ResolverResult<{ item_code: string; item_name: string; stock_uom: string; is_stock_item: boolean; disabled: boolean; item_group: string; is_fixed_asset: boolean; description?: string | undefined; brand?: string | undefined; }, TFieldValues> | Promise<...>' is not assignable to type 'ResolverResult<{ item_code: string; item_name: string; stock_uom: string; is_stock_item: boolean; disabled: boolean; item_group: string; is_fixed_asset: boolean; description?: string | undefined; brand?: string | undefined; }, { ...; }> | Promise<...>'.
          Type 'ResolverSuccess<TFieldValues>' is not assignable to type 'ResolverResult<{ item_code: string; item_name: string; stock_uom: string; is_stock_item: boolean; disabled: boolean; item_group: string; is_fixed_asset: boolean; description?: string | undefined; brand?: string | undefined; }, { ...; }> | Promise<...>'.
            Type 'ResolverSuccess<TFieldValues>' is not assignable to type 'ResolverSuccess<{ item_code: string; item_name: string; stock_uom: string; is_stock_item: boolean; disabled: boolean; item_group: string; is_fixed_asset: boolean; description?: string | undefined; brand?: string | undefined; }>'.
              Type 'TFieldValues' is not assignable to type '{ item_code: string; item_name: string; stock_uom: string; is_stock_item: boolean; disabled: boolean; item_group: string; is_fixed_asset: boolean; description?: string | undefined; brand?: string | undefined; }'.
                Type 'FieldValues' is missing the following properties from type '{ item_code: string; item_name: string; stock_uom: string; is_stock_item: boolean; disabled: boolean; item_group: string; is_fixed_asset: boolean; description?: string | undefined; brand?: string | undefined; }': item_code, item_name, stock_uom, is_stock_item, and 3 more.
app/stock/item/new/page.tsx(84,5): error TS2353: Object literal may only specify known properties, and 'description' does not exist in type 'ItemCreateRequest'.
app/stock/item/new/page.tsx(110,5): error TS2322: Type 'Resolver<{ item_code: string; item_name: string; stock_uom: string; item_group: string; description?: string | undefined; is_stock_item?: boolean | undefined; disabled?: boolean | undefined; is_fixed_asset?: boolean | undefined; brand?: string | undefined; }, any, { ...; }>' is not assignable to type 'Resolver<{ item_code: string; item_name: string; stock_uom: string; is_stock_item: boolean; disabled: boolean; item_group: string; is_fixed_asset: boolean; description?: string | undefined; brand?: string | undefined; }, any, { ...; }>'.
  Types of parameters 'options' and 'options' are incompatible.
    Type 'ResolverOptions<{ item_code: string; item_name: string; stock_uom: string; is_stock_item: boolean; disabled: boolean; item_group: string; is_fixed_asset: boolean; description?: string | undefined; brand?: string | undefined; }>' is not assignable to type 'ResolverOptions<{ item_code: string; item_name: string; stock_uom: string; item_group: string; description?: string | undefined; is_stock_item?: boolean | undefined; disabled?: boolean | undefined; is_fixed_asset?: boolean | undefined; brand?: string | undefined; }>'.
      Type 'boolean | undefined' is not assignable to type 'boolean'.
        Type 'undefined' is not assignable to type 'boolean'.
app/stock/item/new/page.tsx(157,38): error TS2345: Argument of type '(data: ItemFormData) => Promise<void>' is not assignable to parameter of type 'SubmitHandler<TFieldValues>'.
  Types of parameters 'data' and 'data' are incompatible.
    Type 'TFieldValues' is not assignable to type '{ item_code: string; item_name: string; stock_uom: string; is_stock_item: boolean; disabled: boolean; item_group: string; is_fixed_asset: boolean; description?: string | undefined; brand?: string | undefined; }'.
      Type 'FieldValues' is missing the following properties from type '{ item_code: string; item_name: string; stock_uom: string; is_stock_item: boolean; disabled: boolean; item_group: string; is_fixed_asset: boolean; description?: string | undefined; brand?: string | undefined; }': item_code, item_name, stock_uom, is_stock_item, and 3 more.
app/stock/item/new/page.tsx(163,43): error TS2345: Argument of type '(data: ItemFormData) => Promise<void>' is not assignable to parameter of type 'SubmitHandler<TFieldValues>'.
  Types of parameters 'data' and 'data' are incompatible.
    Type 'TFieldValues' is not assignable to type '{ item_code: string; item_name: string; stock_uom: string; is_stock_item: boolean; disabled: boolean; item_group: string; is_fixed_asset: boolean; description?: string | undefined; brand?: string | undefined; }'.
      Type 'FieldValues' is missing the following properties from type '{ item_code: string; item_name: string; stock_uom: string; is_stock_item: boolean; disabled: boolean; item_group: string; is_fixed_asset: boolean; description?: string | undefined; brand?: string | undefined; }': item_code, item_name, stock_uom, is_stock_item, and 3 more.
app/stock/item/new/page.tsx(179,21): error TS2322: Type 'Control<{ item_code: string; item_name: string; stock_uom: string; is_stock_item: boolean; disabled: boolean; item_group: string; is_fixed_asset: boolean; description?: string | undefined; brand?: string | undefined; }, any, TFieldValues>' is not assignable to type 'Control<{ item_code: string; item_name: string; stock_uom: string; is_stock_item: boolean; disabled: boolean; item_group: string; is_fixed_asset: boolean; description?: string | undefined; brand?: string | undefined; }, any, { ...; }>'.
  The types of '_options.resolver' are incompatible between these types.
    Type 'Resolver<{ item_code: string; item_name: string; stock_uom: string; is_stock_item: boolean; disabled: boolean; item_group: string; is_fixed_asset: boolean; description?: string | undefined; brand?: string | undefined; }, any, TFieldValues> | undefined' is not assignable to type 'Resolver<{ item_code: string; item_name: string; stock_uom: string; is_stock_item: boolean; disabled: boolean; item_group: string; is_fixed_asset: boolean; description?: string | undefined; brand?: string | undefined; }, any, { ...; }> | undefined'.
      Type 'Resolver<{ item_code: string; item_name: string; stock_uom: string; is_stock_item: boolean; disabled: boolean; item_group: string; is_fixed_asset: boolean; description?: string | undefined; brand?: string | undefined; }, any, TFieldValues>' is not assignable to type 'Resolver<{ item_code: string; item_name: string; stock_uom: string; is_stock_item: boolean; disabled: boolean; item_group: string; is_fixed_asset: boolean; description?: string | undefined; brand?: string | undefined; }, any, { ...; }>'.
        Type 'ResolverResult<{ item_code: string; item_name: string; stock_uom: string; is_stock_item: boolean; disabled: boolean; item_group: string; is_fixed_asset: boolean; description?: string | undefined; brand?: string | undefined; }, TFieldValues> | Promise<...>' is not assignable to type 'ResolverResult<{ item_code: string; item_name: string; stock_uom: string; is_stock_item: boolean; disabled: boolean; item_group: string; is_fixed_asset: boolean; description?: string | undefined; brand?: string | undefined; }, { ...; }> | Promise<...>'.
          Type 'ResolverSuccess<TFieldValues>' is not assignable to type 'ResolverResult<{ item_code: string; item_name: string; stock_uom: string; is_stock_item: boolean; disabled: boolean; item_group: string; is_fixed_asset: boolean; description?: string | undefined; brand?: string | undefined; }, { ...; }> | Promise<...>'.
            Type 'ResolverSuccess<TFieldValues>' is not assignable to type 'ResolverSuccess<{ item_code: string; item_name: string; stock_uom: string; is_stock_item: boolean; disabled: boolean; item_group: string; is_fixed_asset: boolean; description?: string | undefined; brand?: string | undefined; }>'.
              Type 'TFieldValues' is not assignable to type '{ item_code: string; item_name: string; stock_uom: string; is_stock_item: boolean; disabled: boolean; item_group: string; is_fixed_asset: boolean; description?: string | undefined; brand?: string | undefined; }'.
                Type 'FieldValues' is missing the following properties from type '{ item_code: string; item_name: string; stock_uom: string; is_stock_item: boolean; disabled: boolean; item_group: string; is_fixed_asset: boolean; description?: string | undefined; brand?: string | undefined; }': item_code, item_name, stock_uom, is_stock_item, and 3 more.
app/stock/item/new/page.tsx(202,21): error TS2322: Type 'Control<{ item_code: string; item_name: string; stock_uom: string; is_stock_item: boolean; disabled: boolean; item_group: string; is_fixed_asset: boolean; description?: string | undefined; brand?: string | undefined; }, any, TFieldValues>' is not assignable to type 'Control<{ item_code: string; item_name: string; stock_uom: string; is_stock_item: boolean; disabled: boolean; item_group: string; is_fixed_asset: boolean; description?: string | undefined; brand?: string | undefined; }, any, { ...; }>'.
  The types of '_options.resolver' are incompatible between these types.
    Type 'Resolver<{ item_code: string; item_name: string; stock_uom: string; is_stock_item: boolean; disabled: boolean; item_group: string; is_fixed_asset: boolean; description?: string | undefined; brand?: string | undefined; }, any, TFieldValues> | undefined' is not assignable to type 'Resolver<{ item_code: string; item_name: string; stock_uom: string; is_stock_item: boolean; disabled: boolean; item_group: string; is_fixed_asset: boolean; description?: string | undefined; brand?: string | undefined; }, any, { ...; }> | undefined'.
      Type 'Resolver<{ item_code: string; item_name: string; stock_uom: string; is_stock_item: boolean; disabled: boolean; item_group: string; is_fixed_asset: boolean; description?: string | undefined; brand?: string | undefined; }, any, TFieldValues>' is not assignable to type 'Resolver<{ item_code: string; item_name: string; stock_uom: string; is_stock_item: boolean; disabled: boolean; item_group: string; is_fixed_asset: boolean; description?: string | undefined; brand?: string | undefined; }, any, { ...; }>'.
        Type 'ResolverResult<{ item_code: string; item_name: string; stock_uom: string; is_stock_item: boolean; disabled: boolean; item_group: string; is_fixed_asset: boolean; description?: string | undefined; brand?: string | undefined; }, TFieldValues> | Promise<...>' is not assignable to type 'ResolverResult<{ item_code: string; item_name: string; stock_uom: string; is_stock_item: boolean; disabled: boolean; item_group: string; is_fixed_asset: boolean; description?: string | undefined; brand?: string | undefined; }, { ...; }> | Promise<...>'.
          Type 'ResolverSuccess<TFieldValues>' is not assignable to type 'ResolverResult<{ item_code: string; item_name: string; stock_uom: string; is_stock_item: boolean; disabled: boolean; item_group: string; is_fixed_asset: boolean; description?: string | undefined; brand?: string | undefined; }, { ...; }> | Promise<...>'.
            Type 'ResolverSuccess<TFieldValues>' is not assignable to type 'ResolverSuccess<{ item_code: string; item_name: string; stock_uom: string; is_stock_item: boolean; disabled: boolean; item_group: string; is_fixed_asset: boolean; description?: string | undefined; brand?: string | undefined; }>'.
              Type 'TFieldValues' is not assignable to type '{ item_code: string; item_name: string; stock_uom: string; is_stock_item: boolean; disabled: boolean; item_group: string; is_fixed_asset: boolean; description?: string | undefined; brand?: string | undefined; }'.
                Type 'FieldValues' is missing the following properties from type '{ item_code: string; item_name: string; stock_uom: string; is_stock_item: boolean; disabled: boolean; item_group: string; is_fixed_asset: boolean; description?: string | undefined; brand?: string | undefined; }': item_code, item_name, stock_uom, is_stock_item, and 3 more.
app/stock/item/new/page.tsx(229,21): error TS2322: Type 'Control<{ item_code: string; item_name: string; stock_uom: string; is_stock_item: boolean; disabled: boolean; item_group: string; is_fixed_asset: boolean; description?: string | undefined; brand?: string | undefined; }, any, TFieldValues>' is not assignable to type 'Control<{ item_code: string; item_name: string; stock_uom: string; is_stock_item: boolean; disabled: boolean; item_group: string; is_fixed_asset: boolean; description?: string | undefined; brand?: string | undefined; }, any, { ...; }>'.
  The types of '_options.resolver' are incompatible between these types.
    Type 'Resolver<{ item_code: string; item_name: string; stock_uom: string; is_stock_item: boolean; disabled: boolean; item_group: string; is_fixed_asset: boolean; description?: string | undefined; brand?: string | undefined; }, any, TFieldValues> | undefined' is not assignable to type 'Resolver<{ item_code: string; item_name: string; stock_uom: string; is_stock_item: boolean; disabled: boolean; item_group: string; is_fixed_asset: boolean; description?: string | undefined; brand?: string | undefined; }, any, { ...; }> | undefined'.
      Type 'Resolver<{ item_code: string; item_name: string; stock_uom: string; is_stock_item: boolean; disabled: boolean; item_group: string; is_fixed_asset: boolean; description?: string | undefined; brand?: string | undefined; }, any, TFieldValues>' is not assignable to type 'Resolver<{ item_code: string; item_name: string; stock_uom: string; is_stock_item: boolean; disabled: boolean; item_group: string; is_fixed_asset: boolean; description?: string | undefined; brand?: string | undefined; }, any, { ...; }>'.
        Type 'ResolverResult<{ item_code: string; item_name: string; stock_uom: string; is_stock_item: boolean; disabled: boolean; item_group: string; is_fixed_asset: boolean; description?: string | undefined; brand?: string | undefined; }, TFieldValues> | Promise<...>' is not assignable to type 'ResolverResult<{ item_code: string; item_name: string; stock_uom: string; is_stock_item: boolean; disabled: boolean; item_group: string; is_fixed_asset: boolean; description?: string | undefined; brand?: string | undefined; }, { ...; }> | Promise<...>'.
          Type 'ResolverSuccess<TFieldValues>' is not assignable to type 'ResolverResult<{ item_code: string; item_name: string; stock_uom: string; is_stock_item: boolean; disabled: boolean; item_group: string; is_fixed_asset: boolean; description?: string | undefined; brand?: string | undefined; }, { ...; }> | Promise<...>'.
            Type 'ResolverSuccess<TFieldValues>' is not assignable to type 'ResolverSuccess<{ item_code: string; item_name: string; stock_uom: string; is_stock_item: boolean; disabled: boolean; item_group: string; is_fixed_asset: boolean; description?: string | undefined; brand?: string | undefined; }>'.
              Type 'TFieldValues' is not assignable to type '{ item_code: string; item_name: string; stock_uom: string; is_stock_item: boolean; disabled: boolean; item_group: string; is_fixed_asset: boolean; description?: string | undefined; brand?: string | undefined; }'.
                Type 'FieldValues' is missing the following properties from type '{ item_code: string; item_name: string; stock_uom: string; is_stock_item: boolean; disabled: boolean; item_group: string; is_fixed_asset: boolean; description?: string | undefined; brand?: string | undefined; }': item_code, item_name, stock_uom, is_stock_item, and 3 more.
app/stock/item/new/page.tsx(246,21): error TS2322: Type 'Control<{ item_code: string; item_name: string; stock_uom: string; is_stock_item: boolean; disabled: boolean; item_group: string; is_fixed_asset: boolean; description?: string | undefined; brand?: string | undefined; }, any, TFieldValues>' is not assignable to type 'Control<{ item_code: string; item_name: string; stock_uom: string; is_stock_item: boolean; disabled: boolean; item_group: string; is_fixed_asset: boolean; description?: string | undefined; brand?: string | undefined; }, any, { ...; }>'.
  The types of '_options.resolver' are incompatible between these types.
    Type 'Resolver<{ item_code: string; item_name: string; stock_uom: string; is_stock_item: boolean; disabled: boolean; item_group: string; is_fixed_asset: boolean; description?: string | undefined; brand?: string | undefined; }, any, TFieldValues> | undefined' is not assignable to type 'Resolver<{ item_code: string; item_name: string; stock_uom: string; is_stock_item: boolean; disabled: boolean; item_group: string; is_fixed_asset: boolean; description?: string | undefined; brand?: string | undefined; }, any, { ...; }> | undefined'.
      Type 'Resolver<{ item_code: string; item_name: string; stock_uom: string; is_stock_item: boolean; disabled: boolean; item_group: string; is_fixed_asset: boolean; description?: string | undefined; brand?: string | undefined; }, any, TFieldValues>' is not assignable to type 'Resolver<{ item_code: string; item_name: string; stock_uom: string; is_stock_item: boolean; disabled: boolean; item_group: string; is_fixed_asset: boolean; description?: string | undefined; brand?: string | undefined; }, any, { ...; }>'.
        Type 'ResolverResult<{ item_code: string; item_name: string; stock_uom: string; is_stock_item: boolean; disabled: boolean; item_group: string; is_fixed_asset: boolean; description?: string | undefined; brand?: string | undefined; }, TFieldValues> | Promise<...>' is not assignable to type 'ResolverResult<{ item_code: string; item_name: string; stock_uom: string; is_stock_item: boolean; disabled: boolean; item_group: string; is_fixed_asset: boolean; description?: string | undefined; brand?: string | undefined; }, { ...; }> | Promise<...>'.
          Type 'ResolverSuccess<TFieldValues>' is not assignable to type 'ResolverResult<{ item_code: string; item_name: string; stock_uom: string; is_stock_item: boolean; disabled: boolean; item_group: string; is_fixed_asset: boolean; description?: string | undefined; brand?: string | undefined; }, { ...; }> | Promise<...>'.
            Type 'ResolverSuccess<TFieldValues>' is not assignable to type 'ResolverSuccess<{ item_code: string; item_name: string; stock_uom: string; is_stock_item: boolean; disabled: boolean; item_group: string; is_fixed_asset: boolean; description?: string | undefined; brand?: string | undefined; }>'.
              Type 'TFieldValues' is not assignable to type '{ item_code: string; item_name: string; stock_uom: string; is_stock_item: boolean; disabled: boolean; item_group: string; is_fixed_asset: boolean; description?: string | undefined; brand?: string | undefined; }'.
                Type 'FieldValues' is missing the following properties from type '{ item_code: string; item_name: string; stock_uom: string; is_stock_item: boolean; disabled: boolean; item_group: string; is_fixed_asset: boolean; description?: string | undefined; brand?: string | undefined; }': item_code, item_name, stock_uom, is_stock_item, and 3 more.
app/stock/item/new/page.tsx(271,21): error TS2322: Type 'Control<{ item_code: string; item_name: string; stock_uom: string; is_stock_item: boolean; disabled: boolean; item_group: string; is_fixed_asset: boolean; description?: string | undefined; brand?: string | undefined; }, any, TFieldValues>' is not assignable to type 'Control<{ item_code: string; item_name: string; stock_uom: string; is_stock_item: boolean; disabled: boolean; item_group: string; is_fixed_asset: boolean; description?: string | undefined; brand?: string | undefined; }, any, { ...; }>'.
  The types of '_options.resolver' are incompatible between these types.
    Type 'Resolver<{ item_code: string; item_name: string; stock_uom: string; is_stock_item: boolean; disabled: boolean; item_group: string; is_fixed_asset: boolean; description?: string | undefined; brand?: string | undefined; }, any, TFieldValues> | undefined' is not assignable to type 'Resolver<{ item_code: string; item_name: string; stock_uom: string; is_stock_item: boolean; disabled: boolean; item_group: string; is_fixed_asset: boolean; description?: string | undefined; brand?: string | undefined; }, any, { ...; }> | undefined'.
      Type 'Resolver<{ item_code: string; item_name: string; stock_uom: string; is_stock_item: boolean; disabled: boolean; item_group: string; is_fixed_asset: boolean; description?: string | undefined; brand?: string | undefined; }, any, TFieldValues>' is not assignable to type 'Resolver<{ item_code: string; item_name: string; stock_uom: string; is_stock_item: boolean; disabled: boolean; item_group: string; is_fixed_asset: boolean; description?: string | undefined; brand?: string | undefined; }, any, { ...; }>'.
        Type 'ResolverResult<{ item_code: string; item_name: string; stock_uom: string; is_stock_item: boolean; disabled: boolean; item_group: string; is_fixed_asset: boolean; description?: string | undefined; brand?: string | undefined; }, TFieldValues> | Promise<...>' is not assignable to type 'ResolverResult<{ item_code: string; item_name: string; stock_uom: string; is_stock_item: boolean; disabled: boolean; item_group: string; is_fixed_asset: boolean; description?: string | undefined; brand?: string | undefined; }, { ...; }> | Promise<...>'.
          Type 'ResolverSuccess<TFieldValues>' is not assignable to type 'ResolverResult<{ item_code: string; item_name: string; stock_uom: string; is_stock_item: boolean; disabled: boolean; item_group: string; is_fixed_asset: boolean; description?: string | undefined; brand?: string | undefined; }, { ...; }> | Promise<...>'.
            Type 'ResolverSuccess<TFieldValues>' is not assignable to type 'ResolverSuccess<{ item_code: string; item_name: string; stock_uom: string; is_stock_item: boolean; disabled: boolean; item_group: string; is_fixed_asset: boolean; description?: string | undefined; brand?: string | undefined; }>'.
              Type 'TFieldValues' is not assignable to type '{ item_code: string; item_name: string; stock_uom: string; is_stock_item: boolean; disabled: boolean; item_group: string; is_fixed_asset: boolean; description?: string | undefined; brand?: string | undefined; }'.
                Type 'FieldValues' is missing the following properties from type '{ item_code: string; item_name: string; stock_uom: string; is_stock_item: boolean; disabled: boolean; item_group: string; is_fixed_asset: boolean; description?: string | undefined; brand?: string | undefined; }': item_code, item_name, stock_uom, is_stock_item, and 3 more.
app/stock/item/new/page.tsx(306,19): error TS2322: Type 'Control<{ item_code: string; item_name: string; stock_uom: string; is_stock_item: boolean; disabled: boolean; item_group: string; is_fixed_asset: boolean; description?: string | undefined; brand?: string | undefined; }, any, TFieldValues>' is not assignable to type 'Control<{ item_code: string; item_name: string; stock_uom: string; is_stock_item: boolean; disabled: boolean; item_group: string; is_fixed_asset: boolean; description?: string | undefined; brand?: string | undefined; }, any, { ...; }>'.
  The types of '_options.resolver' are incompatible between these types.
    Type 'Resolver<{ item_code: string; item_name: string; stock_uom: string; is_stock_item: boolean; disabled: boolean; item_group: string; is_fixed_asset: boolean; description?: string | undefined; brand?: string | undefined; }, any, TFieldValues> | undefined' is not assignable to type 'Resolver<{ item_code: string; item_name: string; stock_uom: string; is_stock_item: boolean; disabled: boolean; item_group: string; is_fixed_asset: boolean; description?: string | undefined; brand?: string | undefined; }, any, { ...; }> | undefined'.
      Type 'Resolver<{ item_code: string; item_name: string; stock_uom: string; is_stock_item: boolean; disabled: boolean; item_group: string; is_fixed_asset: boolean; description?: string | undefined; brand?: string | undefined; }, any, TFieldValues>' is not assignable to type 'Resolver<{ item_code: string; item_name: string; stock_uom: string; is_stock_item: boolean; disabled: boolean; item_group: string; is_fixed_asset: boolean; description?: string | undefined; brand?: string | undefined; }, any, { ...; }>'.
        Type 'ResolverResult<{ item_code: string; item_name: string; stock_uom: string; is_stock_item: boolean; disabled: boolean; item_group: string; is_fixed_asset: boolean; description?: string | undefined; brand?: string | undefined; }, TFieldValues> | Promise<...>' is not assignable to type 'ResolverResult<{ item_code: string; item_name: string; stock_uom: string; is_stock_item: boolean; disabled: boolean; item_group: string; is_fixed_asset: boolean; description?: string | undefined; brand?: string | undefined; }, { ...; }> | Promise<...>'.
          Type 'ResolverSuccess<TFieldValues>' is not assignable to type 'ResolverResult<{ item_code: string; item_name: string; stock_uom: string; is_stock_item: boolean; disabled: boolean; item_group: string; is_fixed_asset: boolean; description?: string | undefined; brand?: string | undefined; }, { ...; }> | Promise<...>'.
            Type 'ResolverSuccess<TFieldValues>' is not assignable to type 'ResolverSuccess<{ item_code: string; item_name: string; stock_uom: string; is_stock_item: boolean; disabled: boolean; item_group: string; is_fixed_asset: boolean; description?: string | undefined; brand?: string | undefined; }>'.
              Type 'TFieldValues' is not assignable to type '{ item_code: string; item_name: string; stock_uom: string; is_stock_item: boolean; disabled: boolean; item_group: string; is_fixed_asset: boolean; description?: string | undefined; brand?: string | undefined; }'.
                Type 'FieldValues' is missing the following properties from type '{ item_code: string; item_name: string; stock_uom: string; is_stock_item: boolean; disabled: boolean; item_group: string; is_fixed_asset: boolean; description?: string | undefined; brand?: string | undefined; }': item_code, item_name, stock_uom, is_stock_item, and 3 more.
app/stock/item/new/page.tsx(333,21): error TS2322: Type 'Control<{ item_code: string; item_name: string; stock_uom: string; is_stock_item: boolean; disabled: boolean; item_group: string; is_fixed_asset: boolean; description?: string | undefined; brand?: string | undefined; }, any, TFieldValues>' is not assignable to type 'Control<{ item_code: string; item_name: string; stock_uom: string; is_stock_item: boolean; disabled: boolean; item_group: string; is_fixed_asset: boolean; description?: string | undefined; brand?: string | undefined; }, any, { ...; }>'.
  The types of '_options.resolver' are incompatible between these types.
    Type 'Resolver<{ item_code: string; item_name: string; stock_uom: string; is_stock_item: boolean; disabled: boolean; item_group: string; is_fixed_asset: boolean; description?: string | undefined; brand?: string | undefined; }, any, TFieldValues> | undefined' is not assignable to type 'Resolver<{ item_code: string; item_name: string; stock_uom: string; is_stock_item: boolean; disabled: boolean; item_group: string; is_fixed_asset: boolean; description?: string | undefined; brand?: string | undefined; }, any, { ...; }> | undefined'.
      Type 'Resolver<{ item_code: string; item_name: string; stock_uom: string; is_stock_item: boolean; disabled: boolean; item_group: string; is_fixed_asset: boolean; description?: string | undefined; brand?: string | undefined; }, any, TFieldValues>' is not assignable to type 'Resolver<{ item_code: string; item_name: string; stock_uom: string; is_stock_item: boolean; disabled: boolean; item_group: string; is_fixed_asset: boolean; description?: string | undefined; brand?: string | undefined; }, any, { ...; }>'.
        Type 'ResolverResult<{ item_code: string; item_name: string; stock_uom: string; is_stock_item: boolean; disabled: boolean; item_group: string; is_fixed_asset: boolean; description?: string | undefined; brand?: string | undefined; }, TFieldValues> | Promise<...>' is not assignable to type 'ResolverResult<{ item_code: string; item_name: string; stock_uom: string; is_stock_item: boolean; disabled: boolean; item_group: string; is_fixed_asset: boolean; description?: string | undefined; brand?: string | undefined; }, { ...; }> | Promise<...>'.
          Type 'ResolverSuccess<TFieldValues>' is not assignable to type 'ResolverResult<{ item_code: string; item_name: string; stock_uom: string; is_stock_item: boolean; disabled: boolean; item_group: string; is_fixed_asset: boolean; description?: string | undefined; brand?: string | undefined; }, { ...; }> | Promise<...>'.
            Type 'ResolverSuccess<TFieldValues>' is not assignable to type 'ResolverSuccess<{ item_code: string; item_name: string; stock_uom: string; is_stock_item: boolean; disabled: boolean; item_group: string; is_fixed_asset: boolean; description?: string | undefined; brand?: string | undefined; }>'.
              Type 'TFieldValues' is not assignable to type '{ item_code: string; item_name: string; stock_uom: string; is_stock_item: boolean; disabled: boolean; item_group: string; is_fixed_asset: boolean; description?: string | undefined; brand?: string | undefined; }'.
                Type 'FieldValues' is missing the following properties from type '{ item_code: string; item_name: string; stock_uom: string; is_stock_item: boolean; disabled: boolean; item_group: string; is_fixed_asset: boolean; description?: string | undefined; brand?: string | undefined; }': item_code, item_name, stock_uom, is_stock_item, and 3 more.
app/stock/item/new/page.tsx(356,21): error TS2322: Type 'Control<{ item_code: string; item_name: string; stock_uom: string; is_stock_item: boolean; disabled: boolean; item_group: string; is_fixed_asset: boolean; description?: string | undefined; brand?: string | undefined; }, any, TFieldValues>' is not assignable to type 'Control<{ item_code: string; item_name: string; stock_uom: string; is_stock_item: boolean; disabled: boolean; item_group: string; is_fixed_asset: boolean; description?: string | undefined; brand?: string | undefined; }, any, { ...; }>'.
  The types of '_options.resolver' are incompatible between these types.
    Type 'Resolver<{ item_code: string; item_name: string; stock_uom: string; is_stock_item: boolean; disabled: boolean; item_group: string; is_fixed_asset: boolean; description?: string | undefined; brand?: string | undefined; }, any, TFieldValues> | undefined' is not assignable to type 'Resolver<{ item_code: string; item_name: string; stock_uom: string; is_stock_item: boolean; disabled: boolean; item_group: string; is_fixed_asset: boolean; description?: string | undefined; brand?: string | undefined; }, any, { ...; }> | undefined'.
      Type 'Resolver<{ item_code: string; item_name: string; stock_uom: string; is_stock_item: boolean; disabled: boolean; item_group: string; is_fixed_asset: boolean; description?: string | undefined; brand?: string | undefined; }, any, TFieldValues>' is not assignable to type 'Resolver<{ item_code: string; item_name: string; stock_uom: string; is_stock_item: boolean; disabled: boolean; item_group: string; is_fixed_asset: boolean; description?: string | undefined; brand?: string | undefined; }, any, { ...; }>'.
        Type 'ResolverResult<{ item_code: string; item_name: string; stock_uom: string; is_stock_item: boolean; disabled: boolean; item_group: string; is_fixed_asset: boolean; description?: string | undefined; brand?: string | undefined; }, TFieldValues> | Promise<...>' is not assignable to type 'ResolverResult<{ item_code: string; item_name: string; stock_uom: string; is_stock_item: boolean; disabled: boolean; item_group: string; is_fixed_asset: boolean; description?: string | undefined; brand?: string | undefined; }, { ...; }> | Promise<...>'.
          Type 'ResolverSuccess<TFieldValues>' is not assignable to type 'ResolverResult<{ item_code: string; item_name: string; stock_uom: string; is_stock_item: boolean; disabled: boolean; item_group: string; is_fixed_asset: boolean; description?: string | undefined; brand?: string | undefined; }, { ...; }> | Promise<...>'.
            Type 'ResolverSuccess<TFieldValues>' is not assignable to type 'ResolverSuccess<{ item_code: string; item_name: string; stock_uom: string; is_stock_item: boolean; disabled: boolean; item_group: string; is_fixed_asset: boolean; description?: string | undefined; brand?: string | undefined; }>'.
              Type 'TFieldValues' is not assignable to type '{ item_code: string; item_name: string; stock_uom: string; is_stock_item: boolean; disabled: boolean; item_group: string; is_fixed_asset: boolean; description?: string | undefined; brand?: string | undefined; }'.
                Type 'FieldValues' is missing the following properties from type '{ item_code: string; item_name: string; stock_uom: string; is_stock_item: boolean; disabled: boolean; item_group: string; is_fixed_asset: boolean; description?: string | undefined; brand?: string | undefined; }': item_code, item_name, stock_uom, is_stock_item, and 3 more.
app/stock/settings/item-price/[name]/edit/page.tsx(119,28): error TS2339: Property 'item_price' does not exist on type '{ data: { item_price: ItemPrice; }; }'.
lib/api-factory.ts(68,20): error TS18048: 'fields' is possibly 'undefined'.
