.next/dev/types/validator.ts(1682,39): error TS2306: File 'C:/Users/kidus/Documents/Projects/pana-erp/app/api/stock/item/options/route.ts' is not a module.
.next/types/validator.ts(115,25): error TS2307: Cannot find module '../../app/accounting/expenses/[name]/page.js' or its corresponding type declarations.
.next/types/validator.ts(127,25): error TS2307: Cannot find module '../../app/accounting/expenses/new/page.js' or its corresponding type declarations.
.next/types/validator.ts(137,39): error TS2307: Cannot find module '../../app/accounting/expenses/page.js' or its corresponding type declarations.
.next/types/validator.ts(149,25): error TS2307: Cannot find module '../../app/accounting/payments/[name]/page.js' or its corresponding type declarations.
.next/types/validator.ts(161,25): error TS2307: Cannot find module '../../app/accounting/payments/new/page.js' or its corresponding type declarations.
.next/types/validator.ts(171,39): error TS2307: Cannot find module '../../app/accounting/payments/page.js' or its corresponding type declarations.
.next/types/validator.ts(183,25): error TS2307: Cannot find module '../../app/accounting/purchases/[name]/page.js' or its corresponding type declarations.
.next/types/validator.ts(195,25): error TS2307: Cannot find module '../../app/accounting/purchases/new/page.js' or its corresponding type declarations.
.next/types/validator.ts(205,39): error TS2307: Cannot find module '../../app/accounting/purchases/page.js' or its corresponding type declarations.
.next/types/validator.ts(217,25): error TS2307: Cannot find module '../../app/accounting/reports/aging/page.js' or its corresponding type declarations.
.next/types/validator.ts(229,25): error TS2307: Cannot find module '../../app/accounting/reports/general-ledger/page.js' or its corresponding type declarations.
.next/types/validator.ts(241,25): error TS2307: Cannot find module '../../app/accounting/sales/[name]/page.js' or its corresponding type declarations.
.next/types/validator.ts(251,39): error TS2307: Cannot find module '../../app/accounting/sales/new/page.js' or its corresponding type declarations.
.next/types/validator.ts(261,39): error TS2307: Cannot find module '../../app/accounting/sales/page.js' or its corresponding type declarations.
.next/types/validator.ts(340,39): error TS2307: Cannot find module '../../app/analytics/page.js' or its corresponding type declarations.
.next/types/validator.ts(352,25): error TS2307: Cannot find module '../../app/assets/assets/[name]/edit/page.js' or its corresponding type declarations.
.next/types/validator.ts(362,39): error TS2307: Cannot find module '../../app/assets/assets/[name]/page.js' or its corresponding type declarations.
.next/types/validator.ts(372,39): error TS2307: Cannot find module '../../app/assets/assets/new/page.js' or its corresponding type declarations.
.next/types/validator.ts(382,39): error TS2307: Cannot find module '../../app/assets/assets/page.js' or its corresponding type declarations.
.next/types/validator.ts(394,25): error TS2307: Cannot find module '../../app/assets/categories/[name]/page.js' or its corresponding type declarations.
.next/types/validator.ts(405,25): error TS2307: Cannot find module '../../app/assets/categories/new/page.js' or its corresponding type declarations.
.next/types/validator.ts(415,39): error TS2307: Cannot find module '../../app/assets/categories/page.js' or its corresponding type declarations.
.next/types/validator.ts(425,39): error TS2307: Cannot find module '../../app/assets/dashboard/page.js' or its corresponding type declarations.
.next/types/validator.ts(437,25): error TS2307: Cannot find module '../../app/assets/locations/[name]/page.js' or its corresponding type declarations.
.next/types/validator.ts(447,39): error TS2307: Cannot find module '../../app/assets/locations/new/page.js' or its corresponding type declarations.
.next/types/validator.ts(457,39): error TS2307: Cannot find module '../../app/assets/locations/page.js' or its corresponding type declarations.
.next/types/validator.ts(469,25): error TS2307: Cannot find module '../../app/assets/maintenance/[name]/page.js' or its corresponding type declarations.
.next/types/validator.ts(480,25): error TS2307: Cannot find module '../../app/assets/maintenance/new/page.js' or its corresponding type declarations.
.next/types/validator.ts(490,39): error TS2307: Cannot find module '../../app/assets/maintenance/page.js' or its corresponding type declarations.
.next/types/validator.ts(502,25): error TS2307: Cannot find module '../../app/assets/movements/[name]/page.js' or its corresponding type declarations.
.next/types/validator.ts(512,39): error TS2307: Cannot find module '../../app/assets/movements/new/page.js' or its corresponding type declarations.
.next/types/validator.ts(522,39): error TS2307: Cannot find module '../../app/assets/movements/page.js' or its corresponding type declarations.
.next/types/validator.ts(533,25): error TS2307: Cannot find module '../../app/assets/repairs/[name]/page.js' or its corresponding type declarations.
.next/types/validator.ts(543,39): error TS2307: Cannot find module '../../app/assets/repairs/new/page.js' or its corresponding type declarations.
.next/types/validator.ts(553,39): error TS2307: Cannot find module '../../app/assets/repairs/page.js' or its corresponding type declarations.
.next/types/validator.ts(565,25): error TS2307: Cannot find module '../../app/assets/value-adjustments/[name]/page.js' or its corresponding type declarations.
.next/types/validator.ts(577,25): error TS2307: Cannot find module '../../app/assets/value-adjustments/new/page.js' or its corresponding type declarations.
.next/types/validator.ts(589,25): error TS2307: Cannot find module '../../app/assets/value-adjustments/page.js' or its corresponding type declarations.
.next/types/validator.ts(931,25): error TS2307: Cannot find module '../../app/manufacturing/add-bom/page.js' or its corresponding type declarations.
.next/types/validator.ts(943,25): error TS2307: Cannot find module '../../app/manufacturing/bom-stock-report/page.js' or its corresponding type declarations.
.next/types/validator.ts(965,25): error TS2307: Cannot find module '../../app/manufacturing/production-planning-report/page.js' or its corresponding type declarations.
.next/types/validator.ts(983,39): error TS2307: Cannot find module '../../app/pos/page.js' or its corresponding type declarations.
.next/types/validator.ts(995,25): error TS2307: Cannot find module '../../app/purchasing/purchase-orders/[name]/page.js' or its corresponding type declarations.
.next/types/validator.ts(1007,25): error TS2307: Cannot find module '../../app/purchasing/purchase-orders/page.js' or its corresponding type declarations.
.next/types/validator.ts(1016,39): error TS2307: Cannot find module '../../app/reports/page.js' or its corresponding type declarations.
.next/types/validator.ts(1147,39): error TS2307: Cannot find module '../../app/stock/dashboard/page.js' or its corresponding type declarations.
.next/types/validator.ts(1159,25): error TS2307: Cannot find module '../../app/stock/delivery-notes/[name]/page.js' or its corresponding type declarations.
.next/types/validator.ts(1171,25): error TS2307: Cannot find module '../../app/stock/delivery-notes/add-delivery-note/page.js' or its corresponding type declarations.
.next/types/validator.ts(1181,39): error TS2307: Cannot find module '../../app/stock/delivery-notes/page.js' or its corresponding type declarations.
.next/types/validator.ts(1233,25): error TS2307: Cannot find module '../../app/stock/purchase-receipts/new/page.js' or its corresponding type declarations.
.next/types/validator.ts(1245,25): error TS2307: Cannot find module '../../app/stock/settings/item-group/[name]/edit/page.js' or its corresponding type declarations.
.next/types/validator.ts(1257,25): error TS2307: Cannot find module '../../app/stock/settings/item-group/[name]/page.js' or its corresponding type declarations.
.next/types/validator.ts(1269,25): error TS2307: Cannot find module '../../app/stock/settings/item-group/new/page.js' or its corresponding type declarations.
.next/types/validator.ts(1281,25): error TS2307: Cannot find module '../../app/stock/settings/item-group/page.js' or its corresponding type declarations.
.next/types/validator.ts(1293,25): error TS2307: Cannot find module '../../app/stock/settings/item-price/[name]/edit/page.js' or its corresponding type declarations.
.next/types/validator.ts(1305,25): error TS2307: Cannot find module '../../app/stock/settings/item-price/[name]/page.js' or its corresponding type declarations.
.next/types/validator.ts(1317,25): error TS2307: Cannot find module '../../app/stock/settings/item-price/new/page.js' or its corresponding type declarations.
.next/types/validator.ts(1329,25): error TS2307: Cannot find module '../../app/stock/settings/item-price/page.js' or its corresponding type declarations.
.next/types/validator.ts(1341,25): error TS2307: Cannot find module '../../app/stock/stock-entries/[name]/page.js' or its corresponding type declarations.
.next/types/validator.ts(1353,25): error TS2307: Cannot find module '../../app/stock/stock-entries/add-manufacture/page.js' or its corresponding type declarations.
.next/types/validator.ts(1365,25): error TS2307: Cannot find module '../../app/stock/stock-entries/add-material-issue/page.js' or its corresponding type declarations.
.next/types/validator.ts(1377,25): error TS2307: Cannot find module '../../app/stock/stock-entries/add-material-receipt/page.js' or its corresponding type declarations.
.next/types/validator.ts(1387,39): error TS2307: Cannot find module '../../app/stock/stock-entries/page.js' or its corresponding type declarations.
.next/types/validator.ts(1399,25): error TS2307: Cannot find module '../../app/api/accounting/chart-of-accounts/route.js' or its corresponding type declarations.
.next/types/validator.ts(1411,25): error TS2307: Cannot find module '../../app/api/accounting/company/route.js' or its corresponding type declarations.
.next/types/validator.ts(1435,25): error TS2307: Cannot find module '../../app/api/accounting/expenses/[name]/route.js' or its corresponding type declarations.
.next/types/validator.ts(1447,25): error TS2307: Cannot find module '../../app/api/accounting/expenses/route.js' or its corresponding type declarations.
.next/types/validator.ts(1459,25): error TS2307: Cannot find module '../../app/api/accounting/options/route.js' or its corresponding type declarations.
.next/types/validator.ts(1471,25): error TS2307: Cannot find module '../../app/api/accounting/payments/[name]/route.js' or its corresponding type declarations.
.next/types/validator.ts(1483,25): error TS2307: Cannot find module '../../app/api/accounting/payments/route.js' or its corresponding type declarations.
.next/types/validator.ts(1507,25): error TS2307: Cannot find module '../../app/api/accounting/purchases/[name]/route.js' or its corresponding type declarations.
.next/types/validator.ts(1519,25): error TS2307: Cannot find module '../../app/api/accounting/purchases/route.js' or its corresponding type declarations.
.next/types/validator.ts(1531,25): error TS2307: Cannot find module '../../app/api/accounting/reports/aging/route.js' or its corresponding type declarations.
.next/types/validator.ts(1543,25): error TS2307: Cannot find module '../../app/api/accounting/reports/detailed/route.js' or its corresponding type declarations.
.next/types/validator.ts(1555,25): error TS2307: Cannot find module '../../app/api/accounting/reports/gl/route.js' or its corresponding type declarations.
.next/types/validator.ts(1567,25): error TS2307: Cannot find module '../../app/api/accounting/reports/route.js' or its corresponding type declarations.
.next/types/validator.ts(1580,25): error TS2307: Cannot find module '../../app/api/accounting/sales-invoices/[name]/route.js' or its corresponding type declarations.
.next/types/validator.ts(1592,25): error TS2307: Cannot find module '../../app/api/accounting/sales/[name]/route.js' or its corresponding type declarations.
.next/types/validator.ts(1604,25): error TS2307: Cannot find module '../../app/api/accounting/sales/route.js' or its corresponding type declarations.
.next/types/validator.ts(1616,25): error TS2307: Cannot find module '../../app/api/accounting/summary/route.js' or its corresponding type declarations.
.next/types/validator.ts(1628,25): error TS2307: Cannot find module '../../app/api/accounting/transactions/recent/route.js' or its corresponding type declarations.
.next/types/validator.ts(1640,25): error TS2307: Cannot find module '../../app/api/asset/assets/[name]/route.js' or its corresponding type declarations.
.next/types/validator.ts(1650,39): error TS2307: Cannot find module '../../app/api/asset/assets/route.js' or its corresponding type declarations.
.next/types/validator.ts(1662,25): error TS2307: Cannot find module '../../app/api/asset/categories/[name]/route.js' or its corresponding type declarations.
.next/types/validator.ts(1674,25): error TS2307: Cannot find module '../../app/api/asset/categories/route.js' or its corresponding type declarations.
.next/types/validator.ts(1685,39): error TS2307: Cannot find module '../../app/api/asset/dashboard/route.js' or its corresponding type declarations.
.next/types/validator.ts(1697,25): error TS2307: Cannot find module '../../app/api/asset/locations/[name]/route.js' or its corresponding type declarations.
.next/types/validator.ts(1708,39): error TS2307: Cannot find module '../../app/api/asset/locations/route.js' or its corresponding type declarations.
.next/types/validator.ts(1720,25): error TS2307: Cannot find module '../../app/api/asset/maintenance/[name]/route.js' or its corresponding type declarations.
.next/types/validator.ts(1733,25): error TS2307: Cannot find module '../../app/api/asset/maintenance/asset/[assetName]/route.js' or its corresponding type declarations.
.next/types/validator.ts(1745,25): error TS2307: Cannot find module '../../app/api/asset/maintenance/route.js' or its corresponding type declarations.
.next/types/validator.ts(1757,25): error TS2307: Cannot find module '../../app/api/asset/movements/[name]/route.js' or its corresponding type declarations.
.next/types/validator.ts(1768,39): error TS2307: Cannot find module '../../app/api/asset/movements/route.js' or its corresponding type declarations.
.next/types/validator.ts(1778,39): error TS2307: Cannot find module '../../app/api/asset/options/route.js' or its corresponding type declarations.
.next/types/validator.ts(1790,25): error TS2307: Cannot find module '../../app/api/asset/repairs/[name]/route.js' or its corresponding type declarations.
.next/types/validator.ts(1802,25): error TS2307: Cannot find module '../../app/api/asset/repairs/asset/[assetName]/route.js' or its corresponding type declarations.
.next/types/validator.ts(1812,39): error TS2307: Cannot find module '../../app/api/asset/repairs/route.js' or its corresponding type declarations.
.next/types/validator.ts(1824,25): error TS2307: Cannot find module '../../app/api/asset/value-adjustments/[name]/route.js' or its corresponding type declarations.
.next/types/validator.ts(1837,25): error TS2307: Cannot find module '../../app/api/asset/value-adjustments/asset/[assetName]/route.js' or its corresponding type declarations.
.next/types/validator.ts(1849,25): error TS2307: Cannot find module '../../app/api/asset/value-adjustments/route.js' or its corresponding type declarations.
.next/types/validator.ts(2024,25): error TS2307: Cannot find module '../../app/api/dashboard/options/route.js' or its corresponding type declarations.
.next/types/validator.ts(2034,39): error TS2307: Cannot find module '../../app/api/dashboard/route.js' or its corresponding type declarations.
.next/types/validator.ts(2043,39): error TS2307: Cannot find module '../../app/api/pos/route.js' or its corresponding type declarations.
.next/types/validator.ts(2054,39): error TS2307: Cannot find module '../../app/api/pos/stock-check/route.js' or its corresponding type declarations.
.next/types/validator.ts(2066,25): error TS2307: Cannot find module '../../app/api/purchasing/options/route.js' or its corresponding type declarations.
.next/types/validator.ts(2078,25): error TS2307: Cannot find module '../../app/api/purchasing/purchase-orders/route.js' or its corresponding type declarations.
.next/types/validator.ts(2171,25): error TS2307: Cannot find module '../../app/api/stock/delivery-notes/[name]/route.js' or its corresponding type declarations.
.next/types/validator.ts(2183,25): error TS2307: Cannot find module '../../app/api/stock/delivery-notes/options/route.js' or its corresponding type declarations.
.next/types/validator.ts(2195,25): error TS2307: Cannot find module '../../app/api/stock/delivery-notes/route.js' or its corresponding type declarations.
.next/types/validator.ts(2219,25): error TS2306: File 'C:/Users/kidus/Documents/Projects/pana-erp/app/api/stock/item/options/route.ts' is not a module.
.next/types/validator.ts(2241,25): error TS2307: Cannot find module '../../app/api/stock/purchase-receipts/route.js' or its corresponding type declarations.
.next/types/validator.ts(2267,25): error TS2307: Cannot find module '../../app/api/stock/settings/item-group/options/route.js' or its corresponding type declarations.
.next/types/validator.ts(2305,25): error TS2307: Cannot find module '../../app/api/stock/settings/item-price/options/route.js' or its corresponding type declarations.
.next/types/validator.ts(2341,25): error TS2307: Cannot find module '../../app/api/stock/stock-balance/route.js' or its corresponding type declarations.
.next/types/validator.ts(2353,25): error TS2307: Cannot find module '../../app/api/stock/stock-entries/[name]/route.js' or its corresponding type declarations.
.next/types/validator.ts(2365,25): error TS2307: Cannot find module '../../app/api/stock/stock-entries/options/route.js' or its corresponding type declarations.
.next/types/validator.ts(2377,25): error TS2307: Cannot find module '../../app/api/stock/stock-entries/route.js' or its corresponding type declarations.
.next/types/validator.ts(2389,25): error TS2307: Cannot find module '../../app/api/stock/stock-ledger/route.js' or its corresponding type declarations.
.next/types/validator.ts(2401,25): error TS2307: Cannot find module '../../app/api/stock/stock-summary/route.js' or its corresponding type declarations.
lib/export-utils.ts(2,22): error TS2307: Cannot find module '@/types/item' or its corresponding type declarations.
lib/schemas/doctype-schemas.ts(2543,50): error TS2304: Cannot find name 'WarehouseSchema'.
lib/schemas/doctype-schemas.ts(3256,51): error TS2552: Cannot find name 'CostCenterSchema'. Did you mean 'StockEntrySchema'?
lib/schemas/doctype-schemas.ts(3281,54): error TS2552: Cannot find name 'ModeOfPaymentSchema'. Did you mean 'ModeOfPaymentCreateSchema'?
lib/schemas/doctype-schemas.ts(3834,52): error TS2552: Cannot find name 'WorkstationSchema'. Did you mean 'QuotationSchema'?
lib/schemas/doctype-schemas.ts(3861,50): error TS2552: Cannot find name 'OperationSchema'. Did you mean 'BOMOperationSchema'?
